2025-07-28 21:24:38,371 - INFO - email_reporter 모듈을 성공적으로 로드했습니다.
2025-07-28 21:24:38,371 - INFO - 네이버 검색 노출 모니터링 스케줄러가 시작되었습니다.
2025-07-28 21:24:38,372 - INFO - 초기 모니터링 실행 중...
2025-07-28 21:24:38,372 - INFO - 모니터링 작업 시작
2025-07-28 21:24:38,372 - INFO - 실행 시간: 2025-07-28 21:24:38
2025-07-28 21:24:38,372 - INFO - 모니터링 실행 함수 호출 시작
2025-07-28 21:24:38,617 - INFO - NotionClient 초기화 완료.
2025-07-28 21:24:38,617 - INFO - ⏳ 데이터베이스의 모든 페이지를 쿼리 중...
2025-07-28 21:24:38,969 - INFO - HTTP Request: POST https://api.notion.com/v1/databases/23e480cccd0f800bb820c77a7bb991de/query "HTTP/1.1 200 OK"
2025-07-28 21:24:38,969 - INFO - HTTP Request: POST https://api.notion.com/v1/databases/23e480cccd0f800bb820c77a7bb991de/query "HTTP/1.1 200 OK"
2025-07-28 21:24:38,970 - INFO - ✅ 총 2개의 페이지를 성공적으로 가져왔습니다.
2025-07-28 21:24:38,970 - INFO - 노션에서 총 2개의 키워드를 가져와 모니터링합니다.
2025-07-28 21:24:38,970 - INFO - 네이버 검색 노출 모니터링을 시작합니다...
2025-07-28 21:24:38,970 - INFO - 총 2 개의 키워드를 모니터링합니다...
2025-07-28 21:24:38,974 - INFO - 
키워드 '간암 간수치' 검색 중...
2025-07-28 21:24:38,974 - INFO -   페이지 1 검색 중...
2025-07-28 21:24:40,043 - INFO -   페이지 1에서 109개의 URL을 찾았습니다.
2025-07-28 21:24:40,043 - INFO -   URL ' https://cafe.naver.com/gimhaezumma/2628670' - 미노출
2025-07-28 21:24:40,043 - INFO - 
키워드 '간암 1기' 검색 중...
2025-07-28 21:24:40,043 - INFO -   페이지 1 검색 중...
2025-07-28 21:24:41,886 - INFO -   페이지 1에서 132개의 URL을 찾았습니다.
2025-07-28 21:24:41,886 - INFO -   URL ' https://cafe.naver.com/zoozoocom/289499' - 노출
2025-07-28 21:24:41,886 - INFO - 모니터링 결과가 생성되었습니다.
2025-07-28 21:24:41,886 - INFO - ⏳ 노션 데이터베이스 '상위 노출 여부' 및 '업데이트 날짜' 속성 업데이트 시작...
2025-07-28 21:24:41,910 - INFO - 키워드 '간암 간수치' (ID: 23e480cc-cd0f-80a9-8a5c-de7dc04e1ba2)의 '상위 노출 여부'가 변경되지 않아 업데이트를 건너뜁니다. (현재: '노출X')
2025-07-28 21:24:41,910 - INFO - 키워드 '간암 1기' (ID: 23e480cc-cd0f-816c-b3f0-d0f412c50659)의 '상위 노출 여부'가 변경되지 않아 업데이트를 건너뜁니다. (현재: '최상단 노출')
2025-07-28 21:24:41,910 - INFO - ✅ 노션 데이터베이스 '상위 노출 여부' 속성 업데이트 완료.
2025-07-28 21:24:41,910 - INFO - 모니터링 작업 완료
2025-07-28 21:24:41,910 - INFO - 예약된 시간이 아닙니다(현재 21시 24분). 이메일 보고서를 전송하지 않습니다.
2025-07-28 21:24:41,910 - INFO - 스케줄러가 2시간마다 모니터링을 실행하도록 설정되었습니다.
2025-07-28 21:24:41,910 - INFO - 매일 아침 7시에 이메일 보고서를 전송하도록 설정되었습니다.
2025-07-28 21:24:49,870 - INFO - 사용자에 의해 스케줄러가 중지되었습니다.
2025-07-28 21:29:01,698 - INFO - email_reporter 모듈을 성공적으로 로드했습니다.
2025-07-28 21:29:01,699 - INFO - 네이버 검색 노출 모니터링 스케줄러가 시작되었습니다.
2025-07-28 21:29:01,699 - INFO - 초기 모니터링 실행 중...
2025-07-28 21:29:01,699 - INFO - 모니터링 작업 시작
2025-07-28 21:29:01,699 - INFO - 실행 시간: 2025-07-28 21:29:01
2025-07-28 21:29:01,699 - INFO - 모니터링 실행 함수 호출 시작
2025-07-28 21:29:01,955 - INFO - NotionClient 초기화 완료.
2025-07-28 21:29:01,955 - INFO - ⏳ 데이터베이스의 모든 페이지를 쿼리 중...
2025-07-28 21:29:03,173 - INFO - HTTP Request: POST https://api.notion.com/v1/databases/23e480cccd0f800bb820c77a7bb991de/query "HTTP/1.1 200 OK"
2025-07-28 21:29:03,173 - INFO - HTTP Request: POST https://api.notion.com/v1/databases/23e480cccd0f800bb820c77a7bb991de/query "HTTP/1.1 200 OK"
2025-07-28 21:29:03,173 - INFO - ✅ 총 2개의 페이지를 성공적으로 가져왔습니다.
2025-07-28 21:29:03,174 - INFO - 노션에서 총 2개의 키워드를 가져와 모니터링합니다.
2025-07-28 21:29:03,174 - INFO - 네이버 검색 노출 모니터링을 시작합니다...
2025-07-28 21:29:03,174 - INFO - 총 2 개의 키워드를 모니터링합니다...
2025-07-28 21:29:03,178 - INFO - 
키워드 '간암 간수치' 검색 중...
2025-07-28 21:29:03,178 - INFO -   페이지 1 검색 중...
2025-07-28 21:29:04,542 - INFO -   페이지 1에서 109개의 URL을 찾았습니다.
2025-07-28 21:29:04,542 - INFO -   URL ' https://cafe.naver.com/gimhaezumma/2628670' - 미노출
2025-07-28 21:29:04,542 - INFO - 
키워드 '간암 1기' 검색 중...
2025-07-28 21:29:04,543 - INFO -   페이지 1 검색 중...
2025-07-28 21:29:06,411 - INFO -   페이지 1에서 132개의 URL을 찾았습니다.
2025-07-28 21:29:06,411 - INFO -   URL ' https://cafe.naver.com/zoozoocom/289499' - 노출
2025-07-28 21:29:06,411 - INFO - 모니터링 결과가 생성되었습니다.
2025-07-28 21:29:06,411 - INFO - ⏳ 노션 데이터베이스 '상위 노출 여부' 및 '업데이트 날짜' 속성 업데이트 시작...
2025-07-28 21:29:06,435 - INFO - 키워드 '간암 간수치' (ID: 23e480cc-cd0f-80a9-8a5c-de7dc04e1ba2)의 '상위 노출 여부'가 변경되지 않아 업데이트를 건너뜁니다. (현재: '노출X')
2025-07-28 21:29:06,436 - INFO - 키워드 '간암 1기' (ID: 23e480cc-cd0f-816c-b3f0-d0f412c50659)의 '상위 노출 여부'가 변경되지 않아 업데이트를 건너뜁니다. (현재: '최상단 노출')
2025-07-28 21:29:06,436 - INFO - ✅ 노션 데이터베이스 '상위 노출 여부' 속성 업데이트 완료.
2025-07-28 21:29:06,436 - INFO - 모니터링 작업 완료
2025-07-28 21:29:06,436 - INFO - 예약된 시간이 아닙니다(현재 21시 29분). 이메일 보고서를 전송하지 않습니다.
2025-07-28 21:29:06,436 - INFO - 스케줄러가 2시간마다 모니터링을 실행하도록 설정되었습니다.
2025-07-28 21:29:06,436 - INFO - 매일 아침 7시에 이메일 보고서를 전송하도록 설정되었습니다.
2025-07-28 21:30:00,618 - INFO - 사용자에 의해 스케줄러가 중지되었습니다.
2025-07-28 21:30:02,797 - INFO - email_reporter 모듈을 성공적으로 로드했습니다.
2025-07-28 21:30:02,797 - INFO - 네이버 검색 노출 모니터링 스케줄러가 시작되었습니다.
2025-07-28 21:30:02,797 - INFO - 초기 모니터링 실행 중...
2025-07-28 21:30:02,797 - INFO - 모니터링 작업 시작
2025-07-28 21:30:02,797 - INFO - 실행 시간: 2025-07-28 21:30:02
2025-07-28 21:30:02,797 - INFO - 모니터링 실행 함수 호출 시작
2025-07-28 21:30:03,060 - INFO - NotionClient 초기화 완료.
2025-07-28 21:30:03,060 - INFO - ⏳ 데이터베이스의 모든 페이지를 쿼리 중...
2025-07-28 21:30:03,452 - INFO - HTTP Request: POST https://api.notion.com/v1/databases/23e480cccd0f800bb820c77a7bb991de/query "HTTP/1.1 200 OK"
2025-07-28 21:30:03,452 - INFO - HTTP Request: POST https://api.notion.com/v1/databases/23e480cccd0f800bb820c77a7bb991de/query "HTTP/1.1 200 OK"
2025-07-28 21:30:03,452 - INFO - ✅ 총 2개의 페이지를 성공적으로 가져왔습니다.
2025-07-28 21:30:03,453 - INFO - 노션에서 총 2개의 키워드를 가져와 모니터링합니다.
2025-07-28 21:30:03,453 - INFO - 네이버 검색 노출 모니터링을 시작합니다...
2025-07-28 21:30:03,453 - INFO - 총 2 개의 키워드를 모니터링합니다...
2025-07-28 21:30:03,457 - INFO - 
키워드 '간암 간수치' 검색 중...
2025-07-28 21:30:03,457 - INFO -   페이지 1 검색 중...
2025-07-28 21:30:04,856 - INFO -   페이지 1에서 109개의 URL을 찾았습니다.
2025-07-28 21:30:04,856 - INFO -   URL ' https://cafe.naver.com/gimhaezumma/2628670' - 미노출
2025-07-28 21:30:04,856 - INFO - 
키워드 '간암 1기' 검색 중...
2025-07-28 21:30:04,857 - INFO -   페이지 1 검색 중...
2025-07-28 21:30:06,650 - INFO -   페이지 1에서 132개의 URL을 찾았습니다.
2025-07-28 21:30:06,650 - INFO -   URL ' https://cafe.naver.com/zoozoocom/289499' - 노출
2025-07-28 21:30:06,651 - INFO - 모니터링 결과가 생성되었습니다.
2025-07-28 21:30:06,651 - INFO - ⏳ 노션 데이터베이스 '상위 노출 여부' 및 '업데이트 날짜' 속성 업데이트 시작...
2025-07-28 21:30:06,675 - INFO - ⏳ 페이지 ID: 23e480cc-cd0f-80a9-8a5c-de7dc04e1ba2 업데이트 중...
2025-07-28 21:30:07,127 - INFO - HTTP Request: PATCH https://api.notion.com/v1/pages/23e480cc-cd0f-80a9-8a5c-de7dc04e1ba2 "HTTP/1.1 200 OK"
2025-07-28 21:30:07,127 - INFO - ✅ 페이지 성공적으로 업데이트. URL: https://www.notion.so/23e480cccd0f80a98a5cde7dc04e1ba2
2025-07-28 21:30:07,128 - INFO - 키워드 '간암 간수치' (ID: 23e480cc-cd0f-80a9-8a5c-de7dc04e1ba2)의 '상위 노출 여부'를 '노출X'으로 변경하고 '업데이트 날짜'를 '2025-07-28T21:30:06+0900'으로 업데이트 완료. (이전 상태: '미발행')
2025-07-28 21:30:07,128 - INFO - ⏳ 페이지 ID: 23e480cc-cd0f-816c-b3f0-d0f412c50659 업데이트 중...
2025-07-28 21:30:07,504 - INFO - HTTP Request: PATCH https://api.notion.com/v1/pages/23e480cc-cd0f-816c-b3f0-d0f412c50659 "HTTP/1.1 200 OK"
2025-07-28 21:30:07,505 - INFO - ✅ 페이지 성공적으로 업데이트. URL: https://www.notion.so/1-23e480cccd0f816cb3f0d0f412c50659
2025-07-28 21:30:07,505 - INFO - 키워드 '간암 1기' (ID: 23e480cc-cd0f-816c-b3f0-d0f412c50659)의 '상위 노출 여부'를 '최상단 노출'으로 변경하고 '업데이트 날짜'를 '2025-07-28T21:30:06+0900'으로 업데이트 완료. (이전 상태: '미발행')
2025-07-28 21:30:07,505 - INFO - ✅ 노션 데이터베이스 '상위 노출 여부' 속성 업데이트 완료.
2025-07-28 21:30:07,505 - INFO - 모니터링 작업 완료
2025-07-28 21:30:07,505 - INFO - 예약된 시간이 아닙니다(현재 21시 30분). 이메일 보고서를 전송하지 않습니다.
2025-07-28 21:30:07,505 - INFO - 스케줄러가 2시간마다 모니터링을 실행하도록 설정되었습니다.
2025-07-28 21:30:07,505 - INFO - 매일 아침 7시에 이메일 보고서를 전송하도록 설정되었습니다.
2025-07-28 21:37:06,670 - INFO - 사용자에 의해 스케줄러가 중지되었습니다.
2025-07-28 21:37:07,565 - INFO - email_reporter 모듈을 성공적으로 로드했습니다.
2025-07-28 21:37:07,565 - INFO - 네이버 검색 노출 모니터링 스케줄러가 시작되었습니다.
2025-07-28 21:37:07,565 - INFO - 초기 모니터링 실행 중...
2025-07-28 21:37:07,565 - INFO - 모니터링 작업 시작
2025-07-28 21:37:07,565 - INFO - 실행 시간: 2025-07-28 21:37:07
2025-07-28 21:37:07,565 - INFO - 모니터링 실행 함수 호출 시작
2025-07-28 21:37:07,817 - INFO - NotionClient 초기화 완료.
2025-07-28 21:37:07,817 - INFO - ⏳ 데이터베이스의 모든 페이지를 쿼리 중...
2025-07-28 21:37:08,178 - INFO - HTTP Request: POST https://api.notion.com/v1/databases/23e480cccd0f800bb820c77a7bb991de/query "HTTP/1.1 200 OK"
2025-07-28 21:37:08,179 - INFO - HTTP Request: POST https://api.notion.com/v1/databases/23e480cccd0f800bb820c77a7bb991de/query "HTTP/1.1 200 OK"
2025-07-28 21:37:08,179 - INFO - ✅ 총 2개의 페이지를 성공적으로 가져왔습니다.
2025-07-28 21:37:08,179 - INFO - 노션에서 총 2개의 키워드를 가져와 모니터링합니다.
2025-07-28 21:37:08,179 - INFO - 네이버 검색 노출 모니터링을 시작합니다...
2025-07-28 21:37:08,179 - INFO - 총 2 개의 키워드를 모니터링합니다...
2025-07-28 21:37:08,183 - INFO - 
키워드 '간암 간수치' 검색 중...
2025-07-28 21:37:08,183 - INFO -   URL ' https://cafe.naver.com/gimhaezumma/2628670'의 카페탭 노출 여부 확인 중...
2025-07-28 21:37:09,104 - INFO - '간암 간수치' 검색 중 (카페탭 - 페이지 1)...
2025-07-28 21:37:09,566 - INFO - 총 98개의 고유 URL을 추출했습니다.
2025-07-28 21:37:09,566 - INFO -   URL ' https://cafe.naver.com/gimhaezumma/2628670' 카페탭에 있음
2025-07-28 21:37:09,566 - INFO -   URL ' https://cafe.naver.com/gimhaezumma/2628670'의 메인탭 노출 여부 확인 중...
2025-07-28 21:37:10,659 - INFO - '간암 간수치' 검색 중 (메인탭 - 페이지 1)...
2025-07-28 21:37:11,309 - INFO - 총 109개의 고유 URL을 추출했습니다.
2025-07-28 21:37:11,309 - INFO -   URL ' https://cafe.naver.com/gimhaezumma/2628670' 메인탭에 없음
2025-07-28 21:37:11,309 - INFO -   키워드 '간암 간수치': 카페탭에만 노출 -> '노출X'
2025-07-28 21:37:11,309 - INFO - 
키워드 '간암 1기' 검색 중...
2025-07-28 21:37:11,309 - INFO -   URL ' https://cafe.naver.com/zoozoocom/289499'의 카페탭 노출 여부 확인 중...
2025-07-28 21:37:12,787 - INFO - '간암 1기' 검색 중 (카페탭 - 페이지 1)...
2025-07-28 21:37:13,211 - INFO - 총 96개의 고유 URL을 추출했습니다.
2025-07-28 21:37:13,211 - INFO -   URL ' https://cafe.naver.com/zoozoocom/289499' 카페탭에 있음
2025-07-28 21:37:13,211 - INFO -   URL ' https://cafe.naver.com/zoozoocom/289499'의 메인탭 노출 여부 확인 중...
2025-07-28 21:37:14,157 - INFO - '간암 1기' 검색 중 (메인탭 - 페이지 1)...
2025-07-28 21:37:14,666 - INFO - 총 132개의 고유 URL을 추출했습니다.
2025-07-28 21:37:14,667 - INFO -   URL ' https://cafe.naver.com/zoozoocom/289499' 메인탭에 있음
2025-07-28 21:37:14,667 - INFO -   키워드 '간암 1기': 카페탭 및 메인탭 모두 노출 -> '최상단 노출'
2025-07-28 21:37:14,667 - INFO - 모니터링 결과가 생성되었습니다.
2025-07-28 21:37:14,667 - INFO - ⏳ 노션 데이터베이스 '상위 노출 여부' 및 '업데이트 날짜' 속성 업데이트 시작...
2025-07-28 21:37:14,692 - INFO - 키워드 '간암 간수치' (ID: 23e480cc-cd0f-80a9-8a5c-de7dc04e1ba2)의 '상위 노출 여부'가 변경되지 않아 업데이트를 건너뜁니다. (현재: '노출X')
2025-07-28 21:37:14,693 - INFO - 키워드 '간암 1기' (ID: 23e480cc-cd0f-816c-b3f0-d0f412c50659)의 '상위 노출 여부'가 변경되지 않아 업데이트를 건너뜁니다. (현재: '최상단 노출')
2025-07-28 21:37:14,693 - INFO - ✅ 노션 데이터베이스 '상위 노출 여부' 속성 업데이트 완료.
2025-07-28 21:37:14,693 - INFO - 모니터링 작업 완료
2025-07-28 21:37:14,693 - INFO - 예약된 시간이 아닙니다(현재 21시 37분). 이메일 보고서를 전송하지 않습니다.
2025-07-28 21:37:14,693 - INFO - 스케줄러가 2시간마다 모니터링을 실행하도록 설정되었습니다.
2025-07-28 21:37:14,693 - INFO - 매일 아침 7시에 이메일 보고서를 전송하도록 설정되었습니다.
2025-07-28 21:37:29,965 - INFO - 사용자에 의해 스케줄러가 중지되었습니다.
2025-07-28 21:39:22,359 - INFO - email_reporter 모듈을 성공적으로 로드했습니다.
2025-07-28 21:39:22,359 - INFO - 네이버 검색 노출 모니터링 스케줄러가 시작되었습니다.
2025-07-28 21:39:22,359 - INFO - 초기 모니터링 실행 중...
2025-07-28 21:39:22,359 - INFO - 모니터링 작업 시작
2025-07-28 21:39:22,359 - INFO - 실행 시간: 2025-07-28 21:39:22
2025-07-28 21:39:22,359 - INFO - 모니터링 실행 함수 호출 시작
2025-07-28 21:39:22,600 - INFO - NotionClient 초기화 완료.
2025-07-28 21:39:22,600 - INFO - ⏳ 데이터베이스의 모든 페이지를 쿼리 중...
2025-07-28 21:39:22,938 - INFO - HTTP Request: POST https://api.notion.com/v1/databases/23e480cccd0f800bb820c77a7bb991de/query "HTTP/1.1 200 OK"
2025-07-28 21:39:22,939 - INFO - HTTP Request: POST https://api.notion.com/v1/databases/23e480cccd0f800bb820c77a7bb991de/query "HTTP/1.1 200 OK"
2025-07-28 21:39:22,939 - INFO - ✅ 총 2개의 페이지를 성공적으로 가져왔습니다.
2025-07-28 21:39:22,939 - INFO - 노션에서 총 2개의 키워드를 가져와 모니터링합니다.
2025-07-28 21:39:22,939 - INFO - 네이버 검색 노출 모니터링을 시작합니다...
2025-07-28 21:39:22,939 - INFO - 총 2 개의 키워드를 모니터링합니다...
2025-07-28 21:39:22,943 - INFO - 
키워드 '간암 간수치' 검색 중...
2025-07-28 21:39:22,943 - INFO -   URL ' https://cafe.naver.com/gimhaezumma/2628670'의 카페탭 노출 여부 확인 중...
2025-07-28 21:39:23,585 - INFO - '간암 간수치' 검색 중 (카페탭 - 페이지 1)...
2025-07-28 21:39:24,128 - INFO - 총 98개의 고유 URL을 추출했습니다.
2025-07-28 21:39:24,128 - INFO -   URL ' https://cafe.naver.com/gimhaezumma/2628670' 카페탭에 있음
2025-07-28 21:39:24,129 - INFO -   URL ' https://cafe.naver.com/gimhaezumma/2628670'의 메인탭 노출 여부 확인 중...
2025-07-28 21:39:25,557 - INFO - '간암 간수치' 검색 중 (메인탭 - 페이지 1)...
2025-07-28 21:39:26,114 - INFO - 총 109개의 고유 URL을 추출했습니다.
2025-07-28 21:39:26,115 - INFO -   URL ' https://cafe.naver.com/gimhaezumma/2628670' 메인탭에 없음
2025-07-28 21:39:26,115 - INFO -   키워드 '간암 간수치': 카페탭에만 노출 -> '노출X'
2025-07-28 21:39:26,115 - INFO - 
키워드 '간암 1기' 검색 중...
2025-07-28 21:39:26,116 - INFO -   URL ' https://cafe.naver.com/zoozoocom/289499'의 카페탭 노출 여부 확인 중...
2025-07-28 21:39:26,837 - INFO - '간암 1기' 검색 중 (카페탭 - 페이지 1)...
2025-07-28 21:39:27,248 - INFO - 총 96개의 고유 URL을 추출했습니다.
2025-07-28 21:39:27,248 - INFO -   URL ' https://cafe.naver.com/zoozoocom/289499' 카페탭에 있음
2025-07-28 21:39:27,248 - INFO -   URL ' https://cafe.naver.com/zoozoocom/289499'의 메인탭 노출 여부 확인 중...
2025-07-28 21:39:27,903 - INFO - '간암 1기' 검색 중 (메인탭 - 페이지 1)...
2025-07-28 21:39:28,466 - INFO - 총 132개의 고유 URL을 추출했습니다.
2025-07-28 21:39:28,466 - INFO -   URL ' https://cafe.naver.com/zoozoocom/289499' 메인탭에 있음
2025-07-28 21:39:28,467 - INFO -   키워드 '간암 1기': 카페탭 및 메인탭 모두 노출 -> '최상단 노출'
2025-07-28 21:39:28,467 - INFO - 모니터링 결과가 생성되었습니다.
2025-07-28 21:39:28,467 - INFO - ⏳ 노션 데이터베이스 '상위 노출 여부' 및 '업데이트 날짜' 속성 업데이트 시작...
2025-07-28 21:39:28,492 - INFO - ⏳ 페이지 ID: 23e480cc-cd0f-80a9-8a5c-de7dc04e1ba2 업데이트 중...
2025-07-28 21:39:28,954 - INFO - HTTP Request: PATCH https://api.notion.com/v1/pages/23e480cc-cd0f-80a9-8a5c-de7dc04e1ba2 "HTTP/1.1 200 OK"
2025-07-28 21:39:28,955 - INFO - ✅ 페이지 성공적으로 업데이트. URL: https://www.notion.so/23e480cccd0f80a98a5cde7dc04e1ba2
2025-07-28 21:39:28,955 - INFO - 키워드 '간암 간수치' (ID: 23e480cc-cd0f-80a9-8a5c-de7dc04e1ba2)의 '상위 노출 여부'를 '노출X'으로 변경하고 '업데이트 날짜'를 '2025-07-28T21:39:28+0900'으로 업데이트 완료. (이전 상태: '최상단 노출')
2025-07-28 21:39:28,955 - INFO - 키워드 '간암 1기' (ID: 23e480cc-cd0f-816c-b3f0-d0f412c50659)의 '상위 노출 여부'가 변경되지 않아 업데이트를 건너뜁니다. (현재: '최상단 노출')
2025-07-28 21:39:28,955 - INFO - ✅ 노션 데이터베이스 '상위 노출 여부' 속성 업데이트 완료.
2025-07-28 21:39:28,955 - INFO - 모니터링 작업 완료
2025-07-28 21:39:28,955 - INFO - 예약된 시간이 아닙니다(현재 21시 39분). 이메일 보고서를 전송하지 않습니다.
2025-07-28 21:39:28,955 - INFO - 스케줄러가 2시간마다 모니터링을 실행하도록 설정되었습니다.
2025-07-28 21:39:28,955 - INFO - 매일 아침 7시에 이메일 보고서를 전송하도록 설정되었습니다.
2025-07-28 21:41:36,061 - INFO - 사용자에 의해 스케줄러가 중지되었습니다.
2025-07-28 21:41:36,764 - INFO - email_reporter 모듈을 성공적으로 로드했습니다.
2025-07-28 21:41:36,764 - INFO - 네이버 검색 노출 모니터링 스케줄러가 시작되었습니다.
2025-07-28 21:41:36,764 - INFO - 초기 모니터링 실행 중...
2025-07-28 21:41:36,764 - INFO - 모니터링 작업 시작
2025-07-28 21:41:36,764 - INFO - 실행 시간: 2025-07-28 21:41:36
2025-07-28 21:41:36,764 - INFO - 모니터링 실행 함수 호출 시작
2025-07-28 21:41:37,016 - INFO - NotionClient 초기화 완료.
2025-07-28 21:41:37,016 - INFO - ⏳ 데이터베이스의 모든 페이지를 쿼리 중...
2025-07-28 21:41:37,350 - INFO - HTTP Request: POST https://api.notion.com/v1/databases/23e480cccd0f800bb820c77a7bb991de/query "HTTP/1.1 200 OK"
2025-07-28 21:41:37,351 - INFO - HTTP Request: POST https://api.notion.com/v1/databases/23e480cccd0f800bb820c77a7bb991de/query "HTTP/1.1 200 OK"
2025-07-28 21:41:37,351 - INFO - ✅ 총 3개의 페이지를 성공적으로 가져왔습니다.
2025-07-28 21:41:37,351 - INFO - 노션에서 총 3개의 키워드를 가져와 모니터링합니다.
2025-07-28 21:41:37,351 - INFO - 네이버 검색 노출 모니터링을 시작합니다...
2025-07-28 21:41:37,351 - INFO - 총 3 개의 키워드를 모니터링합니다...
2025-07-28 21:41:37,356 - INFO - 
키워드 '갑상선암 임파선전이' 검색 중...
2025-07-28 21:41:37,356 - INFO -   URL ' https://cafe.naver.com/gimhaezumma/2653763'의 카페탭 노출 여부 확인 중...
2025-07-28 21:41:38,383 - INFO - '갑상선암 임파선전이' 검색 중 (카페탭 - 페이지 1)...
2025-07-28 21:41:38,909 - INFO - 총 94개의 고유 URL을 추출했습니다.
2025-07-28 21:41:38,910 - INFO -   URL ' https://cafe.naver.com/gimhaezumma/2653763' 카페탭에 없음
2025-07-28 21:41:38,910 - INFO -   키워드 '갑상선암 임파선전이': 카페탭에 노출되지 않음 -> '저품질'
2025-07-28 21:41:38,910 - INFO - 
키워드 '간암 간수치' 검색 중...
2025-07-28 21:41:38,910 - INFO -   URL ' https://cafe.naver.com/gimhaezumma/2628670'의 카페탭 노출 여부 확인 중...
2025-07-28 21:41:40,332 - INFO - '간암 간수치' 검색 중 (카페탭 - 페이지 1)...
2025-07-28 21:41:40,670 - INFO - 총 98개의 고유 URL을 추출했습니다.
2025-07-28 21:41:40,670 - INFO -   URL ' https://cafe.naver.com/gimhaezumma/2628670' 카페탭에 있음
2025-07-28 21:41:40,670 - INFO -   URL ' https://cafe.naver.com/gimhaezumma/2628670'의 메인탭 노출 여부 확인 중...
2025-07-28 21:41:41,276 - INFO - '간암 간수치' 검색 중 (메인탭 - 페이지 1)...
2025-07-28 21:41:41,742 - INFO - 총 109개의 고유 URL을 추출했습니다.
2025-07-28 21:41:41,743 - INFO -   URL ' https://cafe.naver.com/gimhaezumma/2628670' 메인탭에 없음
2025-07-28 21:41:41,743 - INFO -   키워드 '간암 간수치': 카페탭에만 노출 -> '노출X'
2025-07-28 21:41:41,743 - INFO - 
키워드 '간암 1기' 검색 중...
2025-07-28 21:41:41,743 - INFO -   URL ' https://cafe.naver.com/zoozoocom/289499'의 카페탭 노출 여부 확인 중...
2025-07-28 21:41:42,478 - INFO - '간암 1기' 검색 중 (카페탭 - 페이지 1)...
2025-07-28 21:41:42,802 - INFO - 총 96개의 고유 URL을 추출했습니다.
2025-07-28 21:41:42,802 - INFO -   URL ' https://cafe.naver.com/zoozoocom/289499' 카페탭에 있음
2025-07-28 21:41:42,802 - INFO -   URL ' https://cafe.naver.com/zoozoocom/289499'의 메인탭 노출 여부 확인 중...
2025-07-28 21:41:44,241 - INFO - '간암 1기' 검색 중 (메인탭 - 페이지 1)...
2025-07-28 21:41:44,678 - INFO - 총 132개의 고유 URL을 추출했습니다.
2025-07-28 21:41:44,679 - INFO -   URL ' https://cafe.naver.com/zoozoocom/289499' 메인탭에 있음
2025-07-28 21:41:44,679 - INFO -   키워드 '간암 1기': 카페탭 및 메인탭 모두 노출 -> '최상단 노출'
2025-07-28 21:41:44,679 - INFO - 모니터링 결과가 생성되었습니다.
2025-07-28 21:41:44,679 - INFO - ⏳ 노션 데이터베이스 '상위 노출 여부' 및 '업데이트 날짜' 속성 업데이트 시작...
2025-07-28 21:41:44,703 - INFO - ⏳ 페이지 ID: 23e480cc-cd0f-8030-98ae-dc2db2ce578b 업데이트 중...
2025-07-28 21:41:45,846 - INFO - HTTP Request: PATCH https://api.notion.com/v1/pages/23e480cc-cd0f-8030-98ae-dc2db2ce578b "HTTP/1.1 200 OK"
2025-07-28 21:41:45,846 - INFO - ✅ 페이지 성공적으로 업데이트. URL: https://www.notion.so/23e480cccd0f803098aedc2db2ce578b
2025-07-28 21:41:45,846 - INFO - 키워드 '갑상선암 임파선전이' (ID: 23e480cc-cd0f-8030-98ae-dc2db2ce578b)의 '상위 노출 여부'를 '저품질'으로 변경하고 '업데이트 날짜'를 '2025-07-28T21:41:44+0900'으로 업데이트 완료. (이전 상태: '최상단 노출')
2025-07-28 21:41:45,846 - INFO - ⏳ 페이지 ID: 23e480cc-cd0f-80a9-8a5c-de7dc04e1ba2 업데이트 중...
2025-07-28 21:41:47,395 - INFO - HTTP Request: PATCH https://api.notion.com/v1/pages/23e480cc-cd0f-80a9-8a5c-de7dc04e1ba2 "HTTP/1.1 200 OK"
2025-07-28 21:41:47,396 - INFO - ✅ 페이지 성공적으로 업데이트. URL: https://www.notion.so/23e480cccd0f80a98a5cde7dc04e1ba2
2025-07-28 21:41:47,396 - INFO - 키워드 '간암 간수치' (ID: 23e480cc-cd0f-80a9-8a5c-de7dc04e1ba2)의 '상위 노출 여부'를 '노출X'으로 변경하고 '업데이트 날짜'를 '2025-07-28T21:41:44+0900'으로 업데이트 완료. (이전 상태: '최상단 노출')
2025-07-28 21:41:47,396 - INFO - 키워드 '간암 1기' (ID: 23e480cc-cd0f-816c-b3f0-d0f412c50659)의 '상위 노출 여부'가 변경되지 않아 업데이트를 건너뜁니다. (현재: '최상단 노출')
2025-07-28 21:41:47,396 - INFO - ✅ 노션 데이터베이스 '상위 노출 여부' 속성 업데이트 완료.
2025-07-28 21:41:47,396 - INFO - 모니터링 작업 완료
2025-07-28 21:41:47,396 - INFO - 예약된 시간이 아닙니다(현재 21시 41분). 이메일 보고서를 전송하지 않습니다.
2025-07-28 21:41:47,396 - INFO - 스케줄러가 2시간마다 모니터링을 실행하도록 설정되었습니다.
2025-07-28 21:41:47,396 - INFO - 매일 아침 7시에 이메일 보고서를 전송하도록 설정되었습니다.
2025-07-28 21:43:43,636 - INFO - 사용자에 의해 스케줄러가 중지되었습니다.
2025-07-28 21:43:44,584 - INFO - email_reporter 모듈을 성공적으로 로드했습니다.
2025-07-28 21:43:44,584 - INFO - 네이버 검색 노출 모니터링 스케줄러가 시작되었습니다.
2025-07-28 21:43:44,584 - INFO - 초기 모니터링 실행 중...
2025-07-28 21:43:44,584 - INFO - 모니터링 작업 시작
2025-07-28 21:43:44,584 - INFO - 실행 시간: 2025-07-28 21:43:44
2025-07-28 21:43:44,584 - INFO - 모니터링 실행 함수 호출 시작
2025-07-28 21:43:44,820 - INFO - NotionClient 초기화 완료.
2025-07-28 21:43:44,821 - INFO - ⏳ 데이터베이스의 모든 페이지를 쿼리 중...
2025-07-28 21:43:45,161 - INFO - HTTP Request: POST https://api.notion.com/v1/databases/23e480cccd0f800bb820c77a7bb991de/query "HTTP/1.1 200 OK"
2025-07-28 21:43:45,194 - INFO - HTTP Request: POST https://api.notion.com/v1/databases/23e480cccd0f800bb820c77a7bb991de/query "HTTP/1.1 200 OK"
2025-07-28 21:43:45,195 - INFO - ✅ 총 3개의 페이지를 성공적으로 가져왔습니다.
2025-07-28 21:43:45,195 - INFO - 노션에서 총 3개의 키워드를 가져와 모니터링합니다.
2025-07-28 21:43:45,195 - INFO - 네이버 검색 노출 모니터링을 시작합니다...
2025-07-28 21:43:45,195 - INFO - 총 3 개의 키워드를 모니터링합니다...
2025-07-28 21:43:45,200 - INFO - 
키워드 '갑상선암 임파선전이' 검색 중...
2025-07-28 21:43:45,200 - INFO -   URL ' https://cafe.naver.com/gimhaezumma/2653763'의 카페탭 노출 여부 확인 중...
2025-07-28 21:43:46,607 - INFO - '갑상선암 임파선전이' 검색 중 (카페탭 - 페이지 1)...
2025-07-28 21:43:46,939 - INFO - 총 94개의 고유 URL을 추출했습니다.
2025-07-28 21:43:46,939 - INFO -   URL ' https://cafe.naver.com/gimhaezumma/2653763' 카페탭에 없음
2025-07-28 21:43:46,939 - INFO -   키워드 '갑상선암 임파선전이': 카페탭에 노출되지 않음 -> '저품질'
2025-07-28 21:43:46,940 - INFO - 
키워드 '간암 간수치' 검색 중...
2025-07-28 21:43:46,940 - INFO -   URL ' https://cafe.naver.com/gimhaezumma/2628670'의 카페탭 노출 여부 확인 중...
2025-07-28 21:43:47,504 - INFO - '간암 간수치' 검색 중 (카페탭 - 페이지 1)...
2025-07-28 21:43:47,821 - INFO - 총 98개의 고유 URL을 추출했습니다.
2025-07-28 21:43:47,821 - INFO -   URL ' https://cafe.naver.com/gimhaezumma/2628670' 카페탭에 있음
2025-07-28 21:43:47,821 - INFO -   URL ' https://cafe.naver.com/gimhaezumma/2628670'의 메인탭 노출 여부 확인 중...
2025-07-28 21:43:48,595 - INFO - '간암 간수치' 검색 중 (메인탭 - 페이지 1)...
2025-07-28 21:43:49,042 - INFO - 총 109개의 고유 URL을 추출했습니다.
2025-07-28 21:43:49,042 - INFO -   URL ' https://cafe.naver.com/gimhaezumma/2628670' 메인탭에 없음
2025-07-28 21:43:49,042 - INFO -   키워드 '간암 간수치': 카페탭에만 노출 -> '노출X'
2025-07-28 21:43:49,042 - INFO - 
키워드 '간암 1기' 검색 중...
2025-07-28 21:43:49,042 - INFO -   URL ' https://cafe.naver.com/zoozoocom/289499'의 카페탭 노출 여부 확인 중...
2025-07-28 21:43:49,782 - INFO - '간암 1기' 검색 중 (카페탭 - 페이지 1)...
2025-07-28 21:43:50,136 - INFO - 총 96개의 고유 URL을 추출했습니다.
2025-07-28 21:43:50,136 - INFO -   URL ' https://cafe.naver.com/zoozoocom/289499' 카페탭에 있음
2025-07-28 21:43:50,136 - INFO -   URL ' https://cafe.naver.com/zoozoocom/289499'의 메인탭 노출 여부 확인 중...
2025-07-28 21:43:51,080 - INFO - '간암 1기' 검색 중 (메인탭 - 페이지 1)...
2025-07-28 21:43:51,571 - INFO - 총 132개의 고유 URL을 추출했습니다.
2025-07-28 21:43:51,571 - INFO -   URL ' https://cafe.naver.com/zoozoocom/289499' 메인탭에 있음
2025-07-28 21:43:51,571 - INFO -   키워드 '간암 1기': 카페탭 및 메인탭 모두 노출 -> '최상단 노출'
2025-07-28 21:43:51,572 - INFO - 모니터링 결과가 생성되었습니다.
2025-07-28 21:43:51,572 - INFO - ⏳ 노션 데이터베이스 '상위 노출 여부' 및 '업데이트 날짜' 속성 업데이트 시작...
2025-07-28 21:43:51,596 - INFO - 키워드 '갑상선암 임파선전이' (ID: 23e480cc-cd0f-8030-98ae-dc2db2ce578b)의 '상위 노출 여부'가 변경되지 않아 업데이트를 건너뜁니다. (현재: '저품질')
2025-07-28 21:43:51,596 - INFO - 키워드 '간암 간수치' (ID: 23e480cc-cd0f-80a9-8a5c-de7dc04e1ba2)의 '상위 노출 여부'가 변경되지 않아 업데이트를 건너뜁니다. (현재: '노출X')
2025-07-28 21:43:51,596 - INFO - 키워드 '간암 1기' (ID: 23e480cc-cd0f-816c-b3f0-d0f412c50659)의 '상위 노출 여부'가 변경되지 않아 업데이트를 건너뜁니다. (현재: '최상단 노출')
2025-07-28 21:43:51,596 - INFO - ✅ 노션 데이터베이스 '상위 노출 여부' 속성 업데이트 완료.
2025-07-28 21:43:51,596 - INFO - 모니터링 작업 완료
2025-07-28 21:43:51,596 - INFO - 예약된 시간이 아닙니다(현재 21시 43분). 이메일 보고서를 전송하지 않습니다.
2025-07-28 21:43:51,596 - INFO - 스케줄러가 2시간마다 모니터링을 실행하도록 설정되었습니다.
2025-07-28 21:43:51,596 - INFO - 매일 아침 7시에 이메일 보고서를 전송하도록 설정되었습니다.
2025-07-28 21:44:11,463 - INFO - 사용자에 의해 스케줄러가 중지되었습니다.
2025-07-28 21:51:53,950 - INFO - email_reporter 모듈을 성공적으로 로드했습니다.
2025-07-28 21:51:53,950 - INFO - 네이버 검색 노출 모니터링 스케줄러가 시작되었습니다.
2025-07-28 21:51:53,951 - INFO - 초기 모니터링 실행 중...
2025-07-28 21:51:53,951 - INFO - 모니터링 작업 시작
2025-07-28 21:51:53,951 - INFO - 실행 시간: 2025-07-28 21:51:53
2025-07-28 21:51:53,951 - INFO - 모니터링 실행 함수 호출 시작
2025-07-28 21:51:54,185 - INFO - NotionClient 초기화 완료.
2025-07-28 21:51:54,185 - INFO - ⏳ 데이터베이스의 모든 페이지를 쿼리 중...
2025-07-28 21:51:55,205 - INFO - HTTP Request: POST https://api.notion.com/v1/databases/23e480cccd0f800bb820c77a7bb991de/query "HTTP/1.1 200 OK"
2025-07-28 21:51:55,245 - INFO - HTTP Request: POST https://api.notion.com/v1/databases/23e480cccd0f800bb820c77a7bb991de/query "HTTP/1.1 200 OK"
2025-07-28 21:51:55,245 - INFO - ✅ 총 3개의 페이지를 성공적으로 가져왔습니다.
2025-07-28 21:51:55,245 - INFO - 노션에서 총 3개의 키워드를 가져와 모니터링합니다.
2025-07-28 21:51:55,245 - INFO - 네이버 검색 노출 모니터링을 시작합니다...
2025-07-28 21:51:55,245 - INFO - 총 3 개의 키워드를 모니터링합니다...
2025-07-28 21:51:55,250 - INFO - 
키워드 '갑상선암 임파선전이' 검색 중...
2025-07-28 21:51:55,250 - INFO -   URL ' https://cafe.naver.com/gimhaezumma/2653763'의 카페탭 노출 여부 확인 중...
2025-07-28 21:51:56,026 - INFO - '갑상선암 임파선전이' 검색 중 (카페탭 - 페이지 1)...
2025-07-28 21:51:56,499 - INFO - 총 94개의 고유 URL을 추출했습니다.
2025-07-28 21:51:56,499 - INFO -   URL ' https://cafe.naver.com/gimhaezumma/2653763' 카페탭에 없음
2025-07-28 21:51:56,500 - INFO -   키워드 '갑상선암 임파선전이': 카페탭에 노출되지 않음 -> '저품질'
2025-07-28 21:51:56,500 - INFO - 
키워드 '간암 간수치' 검색 중...
2025-07-28 21:51:56,500 - INFO -   URL ' https://cafe.naver.com/gimhaezumma/2628670'의 카페탭 노출 여부 확인 중...
2025-07-28 21:51:57,940 - INFO - '간암 간수치' 검색 중 (카페탭 - 페이지 1)...
2025-07-28 21:51:58,414 - INFO - 총 98개의 고유 URL을 추출했습니다.
2025-07-28 21:51:58,415 - INFO -   URL ' https://cafe.naver.com/gimhaezumma/2628670' 카페탭에 있음
2025-07-28 21:51:58,415 - INFO -   URL ' https://cafe.naver.com/gimhaezumma/2628670'의 메인탭 노출 여부 확인 중...
2025-07-28 21:51:58,943 - INFO - '간암 간수치' 검색 중 (메인탭 - 페이지 1)...
2025-07-28 21:51:59,537 - INFO - 총 109개의 고유 URL을 추출했습니다.
2025-07-28 21:51:59,538 - INFO -   URL ' https://cafe.naver.com/gimhaezumma/2628670' 메인탭에 없음
2025-07-28 21:51:59,538 - INFO -   키워드 '간암 간수치': 카페탭에만 노출 -> '노출X'
2025-07-28 21:51:59,538 - INFO - 
키워드 '간암 1기' 검색 중...
2025-07-28 21:51:59,538 - INFO -   URL ' https://cafe.naver.com/zoozoocom/289499'의 카페탭 노출 여부 확인 중...
2025-07-28 21:52:00,653 - INFO - '간암 1기' 검색 중 (카페탭 - 페이지 1)...
2025-07-28 21:52:01,148 - INFO - 총 96개의 고유 URL을 추출했습니다.
2025-07-28 21:52:01,148 - INFO -   URL ' https://cafe.naver.com/zoozoocom/289499' 카페탭에 있음
2025-07-28 21:52:01,149 - INFO -   URL ' https://cafe.naver.com/zoozoocom/289499'의 메인탭 노출 여부 확인 중...
2025-07-28 21:52:01,781 - INFO - '간암 1기' 검색 중 (메인탭 - 페이지 1)...
2025-07-28 21:52:02,317 - INFO - 총 132개의 고유 URL을 추출했습니다.
2025-07-28 21:52:02,317 - INFO -   URL ' https://cafe.naver.com/zoozoocom/289499' 메인탭에 있음
2025-07-28 21:52:02,317 - INFO -   키워드 '간암 1기': 카페탭 및 메인탭 모두 노출 -> '최상단 노출'
2025-07-28 21:52:02,317 - INFO - 모니터링 결과가 생성되었습니다.
2025-07-28 21:52:02,318 - INFO - ⏳ 노션 데이터베이스 '상위 노출 여부' 및 '업데이트 날짜' 속성 업데이트 시작...
2025-07-28 21:52:02,342 - INFO - 키워드 '갑상선암 임파선전이' (ID: 23e480cc-cd0f-8030-98ae-dc2db2ce578b)의 '상위 노출 여부'가 변경되지 않아 업데이트를 건너뜁니다. (현재: '저품질')
2025-07-28 21:52:02,342 - INFO - 키워드 '간암 간수치' (ID: 23e480cc-cd0f-80a9-8a5c-de7dc04e1ba2)의 '상위 노출 여부'가 변경되지 않아 업데이트를 건너뜁니다. (현재: '노출X')
2025-07-28 21:52:02,342 - INFO - 키워드 '간암 1기' (ID: 23e480cc-cd0f-816c-b3f0-d0f412c50659)의 '상위 노출 여부'가 변경되지 않아 업데이트를 건너뜁니다. (현재: '최상단 노출')
2025-07-28 21:52:02,342 - INFO - ✅ 노션 데이터베이스 '상위 노출 여부' 속성 업데이트 완료.
2025-07-28 21:52:02,342 - INFO - 모니터링 작업 완료
2025-07-28 21:52:02,342 - INFO - 예약된 시간이 아닙니다(현재 21시 51분). 이메일 보고서를 전송하지 않습니다.
2025-07-28 21:52:02,342 - INFO - 스케줄러가 2시간마다 모니터링을 실행하도록 설정되었습니다.
2025-07-28 21:52:02,342 - INFO - 매일 아침 7시에 이메일 보고서를 전송하도록 설정되었습니다.
2025-07-28 21:52:13,237 - INFO - 사용자에 의해 스케줄러가 중지되었습니다.
2025-07-28 21:55:46,519 - INFO - email_reporter 모듈을 성공적으로 로드했습니다.
2025-07-28 21:55:46,519 - INFO - 네이버 검색 노출 모니터링 스케줄러가 시작되었습니다.
2025-07-28 21:55:46,519 - INFO - 초기 모니터링 실행 중...
2025-07-28 21:55:46,519 - INFO - 모니터링 작업 시작
2025-07-28 21:55:46,519 - INFO - 실행 시간: 2025-07-28 21:55:46
2025-07-28 21:55:46,519 - INFO - 모니터링 실행 함수 호출 시작
2025-07-28 21:55:46,755 - INFO - NotionClient 초기화 완료.
2025-07-28 21:55:46,755 - INFO - ⏳ 데이터베이스의 모든 페이지를 쿼리 중...
2025-07-28 21:55:47,107 - INFO - HTTP Request: POST https://api.notion.com/v1/databases/23e480cccd0f800bb820c77a7bb991de/query "HTTP/1.1 200 OK"
2025-07-28 21:55:47,108 - INFO - HTTP Request: POST https://api.notion.com/v1/databases/23e480cccd0f800bb820c77a7bb991de/query "HTTP/1.1 200 OK"
2025-07-28 21:55:47,108 - INFO - ✅ 총 3개의 페이지를 성공적으로 가져왔습니다.
2025-07-28 21:55:47,108 - INFO - 노션에서 총 3개의 키워드를 가져와 모니터링합니다.
2025-07-28 21:55:47,108 - INFO - 네이버 검색 노출 모니터링을 시작합니다...
2025-07-28 21:55:47,108 - INFO - 총 3 개의 키워드를 모니터링합니다...
2025-07-28 21:55:47,112 - INFO - 
키워드 '갑상선암 임파선전이' 검색 중...
2025-07-28 21:55:47,112 - INFO -   URL ' https://cafe.naver.com/gimhaezumma/2653763'의 카페탭 노출 여부 확인 중...
2025-07-28 21:55:47,763 - INFO - '갑상선암 임파선전이' 검색 중 (카페탭 - 페이지 1)...
2025-07-28 21:55:48,138 - INFO - 총 94개의 고유 URL을 추출했습니다.
2025-07-28 21:55:48,139 - INFO -   URL ' https://cafe.naver.com/gimhaezumma/2653763' 카페탭에 없음
2025-07-28 21:55:48,139 - INFO -   키워드 '갑상선암 임파선전이': 카페탭에 노출되지 않음 -> '저품질'
2025-07-28 21:55:48,139 - INFO - 
키워드 '간암 간수치' 검색 중...
2025-07-28 21:55:48,139 - INFO -   URL ' https://cafe.naver.com/gimhaezumma/2628670'의 카페탭 노출 여부 확인 중...
2025-07-28 21:55:48,911 - INFO - '간암 간수치' 검색 중 (카페탭 - 페이지 1)...
2025-07-28 21:55:49,255 - INFO - 총 98개의 고유 URL을 추출했습니다.
2025-07-28 21:55:49,255 - INFO -   URL ' https://cafe.naver.com/gimhaezumma/2628670' 카페탭에 있음
2025-07-28 21:55:49,255 - INFO -   URL ' https://cafe.naver.com/gimhaezumma/2628670'의 메인탭 노출 여부 확인 중...
2025-07-28 21:55:50,724 - INFO - '간암 간수치' 검색 중 (메인탭 - 페이지 1)...
2025-07-28 21:55:51,152 - INFO - 총 109개의 고유 URL을 추출했습니다.
2025-07-28 21:55:51,152 - INFO -   URL ' https://cafe.naver.com/gimhaezumma/2628670' 메인탭에 없음
2025-07-28 21:55:51,152 - INFO -   키워드 '간암 간수치': 카페탭에만 노출 -> '노출X'
2025-07-28 21:55:51,152 - INFO - 
키워드 '간암 1기' 검색 중...
2025-07-28 21:55:51,153 - INFO -   URL ' https://cafe.naver.com/zoozoocom/289499'의 카페탭 노출 여부 확인 중...
2025-07-28 21:55:52,649 - INFO - '간암 1기' 검색 중 (카페탭 - 페이지 1)...
2025-07-28 21:55:52,996 - INFO - 총 96개의 고유 URL을 추출했습니다.
2025-07-28 21:55:52,996 - INFO -   URL ' https://cafe.naver.com/zoozoocom/289499' 카페탭에 있음
2025-07-28 21:55:52,996 - INFO -   URL ' https://cafe.naver.com/zoozoocom/289499'의 메인탭 노출 여부 확인 중...
2025-07-28 21:55:54,205 - INFO - '간암 1기' 검색 중 (메인탭 - 페이지 1)...
2025-07-28 21:55:54,651 - INFO - 총 132개의 고유 URL을 추출했습니다.
2025-07-28 21:55:54,652 - INFO -   URL ' https://cafe.naver.com/zoozoocom/289499' 메인탭에 있음
2025-07-28 21:55:54,652 - INFO -   키워드 '간암 1기': 카페탭 및 메인탭 모두 노출 -> '최상단 노출'
2025-07-28 21:55:54,652 - INFO - 모니터링 결과가 생성되었습니다.
2025-07-28 21:55:54,652 - INFO - ⏳ 노션 데이터베이스 '상위 노출 여부' 및 '업데이트 날짜' 속성 업데이트 시작...
2025-07-28 21:55:54,677 - INFO - ⏳ 페이지 ID: 23e480cc-cd0f-8030-98ae-dc2db2ce578b 업데이트 중...
2025-07-28 21:55:55,547 - INFO - HTTP Request: PATCH https://api.notion.com/v1/pages/23e480cc-cd0f-8030-98ae-dc2db2ce578b "HTTP/1.1 200 OK"
2025-07-28 21:55:55,549 - INFO - ✅ 페이지 성공적으로 업데이트. URL: https://www.notion.so/23e480cccd0f803098aedc2db2ce578b
2025-07-28 21:55:55,558 - INFO - 키워드 '갑상선암 임파선전이' (ID: 23e480cc-cd0f-8030-98ae-dc2db2ce578b)의 '상위 노출 여부'를 '저품질'으로 변경하고 '업데이트 날짜'를 '2025-07-28T21:55:54+0900'으로 업데이트 완료. (이전 상태: '최상단 노출')
2025-07-28 21:55:55,558 - INFO - ⏳ 페이지 ID: 23e480cc-cd0f-80a9-8a5c-de7dc04e1ba2 업데이트 중...
2025-07-28 21:55:55,955 - INFO - HTTP Request: PATCH https://api.notion.com/v1/pages/23e480cc-cd0f-80a9-8a5c-de7dc04e1ba2 "HTTP/1.1 200 OK"
2025-07-28 21:55:55,955 - INFO - ✅ 페이지 성공적으로 업데이트. URL: https://www.notion.so/23e480cccd0f80a98a5cde7dc04e1ba2
2025-07-28 21:55:55,955 - INFO - 키워드 '간암 간수치' (ID: 23e480cc-cd0f-80a9-8a5c-de7dc04e1ba2)의 '상위 노출 여부'를 '노출X'으로 변경하고 '업데이트 날짜'를 '2025-07-28T21:55:54+0900'으로 업데이트 완료. (이전 상태: '최상단 노출')
2025-07-28 21:55:55,955 - INFO - 키워드 '간암 1기' (ID: 23e480cc-cd0f-816c-b3f0-d0f412c50659)의 '상위 노출 여부'가 변경되지 않아 업데이트를 건너뜁니다. (현재: '최상단 노출')
2025-07-28 21:55:55,955 - INFO - ✅ 노션 데이터베이스 '상위 노출 여부' 속성 업데이트 완료.
2025-07-28 21:55:55,955 - INFO - 모니터링 작업 완료
2025-07-28 21:55:55,956 - INFO - 예약된 시간이 아닙니다(현재 21시 55분). 이메일 보고서를 전송하지 않습니다.
2025-07-28 21:55:55,956 - INFO - 스케줄러가 2시간마다 모니터링을 실행하도록 설정되었습니다.
2025-07-28 21:55:55,956 - INFO - 매일 아침 7시에 이메일 보고서를 전송하도록 설정되었습니다.
